C:\Users\billy\Documents\GitHub\ParkourPlugin\src\main\java\ws\billy\ParkourPlugin\CustomEvents\LeaderboardModified.java
C:\Users\billy\Documents\GitHub\ParkourPlugin\src\main\java\ws\billy\ParkourPlugin\ParkourPlugin.java
C:\Users\billy\Documents\GitHub\ParkourPlugin\src\main\java\ws\billy\ParkourPlugin\Database\Database.java
C:\Users\billy\Documents\GitHub\ParkourPlugin\src\main\java\ws\billy\ParkourPlugin\CustomEvents\ParkourEndedEvent.java
C:\Users\billy\Documents\GitHub\ParkourPlugin\src\main\java\ws\billy\ParkourPlugin\Listeners\CheckpointHitListener.java
C:\Users\billy\Documents\GitHub\ParkourPlugin\src\main\java\ws\billy\ParkourPlugin\CustomEvents\CheckpointReachedEvent.java
C:\Users\billy\Documents\GitHub\ParkourPlugin\src\main\java\ws\billy\ParkourPlugin\Managers\LeaderboardManager.java
C:\Users\billy\Documents\GitHub\ParkourPlugin\src\main\java\ws\billy\ParkourPlugin\Database\Listeners\LeaveListener.java
C:\Users\billy\Documents\GitHub\ParkourPlugin\src\main\java\ws\billy\ParkourPlugin\Utility\Listener.java
C:\Users\billy\Documents\GitHub\ParkourPlugin\src\main\java\ws\billy\ParkourPlugin\Configuration\Messages.java
C:\Users\billy\Documents\GitHub\ParkourPlugin\src\main\java\ws\billy\ParkourPlugin\Managers\ParkourManager.java
C:\Users\billy\Documents\GitHub\ParkourPlugin\src\main\java\ws\billy\ParkourPlugin\Scoreboard\Scoreboard.java
C:\Users\billy\Documents\GitHub\ParkourPlugin\src\main\java\ws\billy\ParkourPlugin\Configuration\Configuration.java
C:\Users\billy\Documents\GitHub\ParkourPlugin\src\main\java\ws\billy\ParkourPlugin\Listeners\WorldguardListener.java
C:\Users\billy\Documents\GitHub\ParkourPlugin\src\main\java\ws\billy\ParkourPlugin\Managers\PlayerManager.java
C:\Users\billy\Documents\GitHub\ParkourPlugin\src\main\java\ws\billy\ParkourPlugin\CustomEvents\ParkourStartedEvent.java
